Report time       : Thu Dec 13 22:28:38 CST 2018.
Solution          : mat_mul.
Simulation tool   : xsim.

+----------+----------+-----------------------------------------------+-----------------------------------------------+
|          |          |                    Latency                    |                    Interval                   |
+   RTL    +  Status  +-----------------------------------------------+-----------------------------------------------+
|          |          |      min      |      avg      |      max      |      min      |      avg      |      max      |
+----------+----------+-----------------------------------------------+-----------------------------------------------+
|      VHDL|        NA|             NA|             NA|             NA|             NA|             NA|             NA|
|   Verilog|      Pass|          20202|          20202|          20202|             NA|             NA|             NA|
+----------+----------+-----------------------------------------------+-----------------------------------------------+
